// Jest Snapshot v1, https://goo.gl/fbAQLP

exports[`test components render <GridItem /> 1`] = `
<div
  className="cell item"
>
  <div
    className="content"
  />
</div>
`;

exports[`test components render <RandomKey /> 1`] = `
<div
  className="content"
>
  <pre
    className="pre"
  >
    <code>
      
    </code>
  </pre>
  <button
    className="MuiButtonBase-root MuiButton-root MuiButton-contained MuiButton-containedPrimary"
    disabled={false}
    onBlur={[Function]}
    onClick={[Function]}
    onDragLeave={[Function]}
    onFocus={[Function]}
    onKeyDown={[Function]}
    onKeyUp={[Function]}
    onMouseDown={[Function]}
    onMouseLeave={[Function]}
    onMouseUp={[Function]}
    onTouchEnd={[Function]}
    onTouchMove={[Function]}
    onTouchStart={[Function]}
    tabIndex={0}
    type="button"
  >
    <span
      className="MuiButton-label"
    >
      change
    </span>
  </button>
</div>
`;
